# macOS exported symbols list (symbols have leading underscore)
# This ensures Python bindings only expose the public FFI interface

# Result interface
_loon_ffi_is_success
_loon_ffi_get_errmsg
_loon_ffi_free_result

# Properties interface
_loon_properties_create
_loon_properties_get
_loon_properties_free

# Property key constants
_loon_properties_format
_loon_properties_fs_address
_loon_properties_fs_bucket_name
_loon_properties_fs_access_key_id
_loon_properties_fs_access_key_value
_loon_properties_fs_root_path
_loon_properties_fs_storage_type
_loon_properties_fs_cloud_provider
_loon_properties_fs_iam_endpoint
_loon_properties_fs_log_level
_loon_properties_fs_region
_loon_properties_fs_use_ssl
_loon_properties_fs_ssl_ca_cert
_loon_properties_fs_use_iam
_loon_properties_fs_use_virtual_host
_loon_properties_fs_request_timeout_ms
_loon_properties_fs_gcp_native_without_auth
_loon_properties_fs_gcp_credential_json
_loon_properties_fs_use_custom_part_upload
_loon_properties_fs_max_connections
_loon_properties_fs_multi_part_upload_size
_loon_properties_writer_policy
_loon_properties_writer_schema_base_patterns
_loon_properties_writer_size_base_macs
_loon_properties_writer_size_base_mcig
_loon_properties_writer_buffer_size
_loon_properties_writer_file_rolling_size
_loon_properties_writer_compression
_loon_properties_writer_compression_level
_loon_properties_writer_enable_dictionary
_loon_properties_writer_enc_enable
_loon_properties_writer_enc_key
_loon_properties_writer_enc_meta
_loon_properties_writer_enc_algorithm
_loon_properties_writer_vortex_enable_statistics
_loon_properties_reader_record_batch_max_rows
_loon_properties_reader_record_batch_max_size
_loon_properties_reader_logical_chunk_rows
_loon_properties_transaction_commit_num_retries

# Writer interface
_loon_writer_new
_loon_writer_write
_loon_writer_flush
_loon_writer_close
_loon_writer_destroy
_loon_free_cstr

# FilesystemCache interface
_loon_filesystem_get
_loon_filesystem_destroy
_loon_close_filesystems

# FilesystemMetrics interface
_loon_filesystem_get_metrics
_loon_filesystem_reset_metrics

# Reader interface
_loon_reader_new
_loon_reader_set_keyretriever
_loon_get_record_batch_reader
_loon_get_chunk_reader
_loon_take
_loon_reader_destroy

# ChunkReader interface
_loon_get_chunk
_loon_get_chunks
_loon_free_chunk_arrays
_loon_get_chunk_indices
_loon_free_chunk_indices
_loon_chunk_reader_destroy
_loon_get_number_of_chunks
_loon_get_chunk_metadatas
_loon_free_chunk_metadatas

# ColumnGroups interface
_loon_column_groups_create
_loon_column_groups_destroy
_loon_column_groups_debug_string

# Manifest interface
_loon_manifest_destroy
_loon_manifest_debug_string

# ThreadPool interface
_loon_thread_pool_singleton
_loon_thread_pool_singleton_release

# Transaction interface
_loon_transaction_begin
_loon_transaction_get_manifest
_loon_transaction_get_read_version
_loon_transaction_commit
_loon_transaction_destroy
_loon_transaction_add_column_group
_loon_transaction_append_files
_loon_transaction_add_delta_log
_loon_transaction_update_stat

# External table interface
_loon_exttable_explore
_loon_exttable_get_file_info
_loon_exttable_read_manifest

# Filesystem interface
_loon_filesystem_open_writer
_loon_filesystem_writer_write
_loon_filesystem_writer_flush
_loon_filesystem_writer_close
_loon_filesystem_writer_destroy
_loon_filesystem_get_file_info
_loon_filesystem_read_file
_loon_filesystem_open_reader
_loon_filesystem_reader_readat
_loon_filesystem_reader_close
_loon_filesystem_reader_destroy
_loon_initialize_filesystem_singleton
_loon_get_filesystem_singleton_handle
_loon_filesystem_get_file_stats
_loon_filesystem_free_meta_array
_loon_filesystem_read_file_all
_loon_filesystem_write_file
_loon_filesystem_delete_file
_loon_filesystem_get_path_info
_loon_filesystem_create_dir
_loon_filesystem_list_dir
_loon_filesystem_free_file_info_list

# Fault injection interface
_loon_fiu_enable
_loon_fiu_disable
_loon_fiu_disable_all
_loon_fiu_is_enabled

# Fault injection point names
# Writer
_loon_fiukey_writer_write_fail
_loon_fiukey_writer_flush_fail
_loon_fiukey_writer_close_fail
# Reader (low-level)
_loon_fiukey_column_group_read_fail
_loon_fiukey_take_rows_fail
_loon_fiukey_chunk_reader_read_fail
_loon_fiukey_reader_open_fail
# Transaction/Manifest
_loon_fiukey_manifest_commit_fail
_loon_fiukey_manifest_read_fail
_loon_fiukey_manifest_write_fail
# Filesystem
_loon_fiukey_fs_open_output_fail
_loon_fiukey_fs_open_input_fail
# S3 Filesystem
_loon_fiukey_s3fs_create_upload_fail
_loon_fiukey_s3fs_part_upload_fail
_loon_fiukey_s3fs_complete_upload_fail
_loon_fiukey_s3fs_read_fail
_loon_fiukey_s3fs_readat_fail
# ColumnGroup
_loon_fiukey_column_group_write_fail
